MSBuild version 17.14.18+a338add32 for .NET Framework

  Copying appTalkLess qml sources into build dir
  Running qmlimportscanner for appTalkLess
  E:\Projects\TalkLess\build\TalkLess\qml\pages\ApplicationSettingsView.qml:1219:Expected token `}'
  E:\Projects\TalkLess\qml\pages\ApplicationSettingsView.qml:1219:Expected token `}'
  1>Automatic MOC and UIC for target appTalkLess
  Running AUTOMOC file extraction for target appTalkLess
  Running moc --collect-json for target appTalkLess
  Generating .rcc/qmlcache/appTalkLess_qml/pages/ApplicationSettingsView_qml.cpp, .rcc/qmlcache/appTalkLess_qml/pages/ApplicationSettingsView_qml.cpp.aotstats
Error compiling qml file: E:/Projects/TalkLess/qml/pages/ApplicationSettingsView.qml(1219,1): error GFF2E39BE: Expected token `}' [E:\Projects\TalkLess\build\appTalkLess.vcxproj]
C:\Program Files\Microsoft Visual Studio\2022\Community\MSBuild\Microsoft\VC\v170\Microsoft.CppCommon.targets(254,5): error MSB8066: Custom build for 'E:\Projects\TalkLess\build\CMakeFiles\c184281a1f3323a42bbe50d4183164b6\qt6apptalkless_metatypes.json.gen.rule;E:\Projects\TalkLess\build\CMakeFiles\d2b16baec8e37a7acfaec3a74734272b\ApplicationSettingsView_qml.cpp.rule;E:\Projects\TalkLess\build\CMakeFiles\6a89d367e6aa3590d21e0aca18fe1626\qrc_appTalkLess_raw_qml_0.cpp.rule' exited with code 1. [E:\Projects\TalkLess\build\appTalkLess.vcxproj]
